// Jest Snapshot v1, https://goo.gl/fbAQLP

exports[`TreeItem component render correctly Match snapshot 1`] = `
<Memo
  data={
    Object {
      "id": "0030d9c5-9f1b-431a-9080-03cc48dc117f",
      "title": "Phones",
    }
  }
  getValueFromData={[Function]}
/>
`;
